[2026-05-04 19:33:01.357] [jointLog] [info] setting maxHashResizeThreads to 12
[2026-05-04 19:33:01.357] [jointLog] [info] Fragment incompatibility prior below threshold.  Incompatible fragments will be ignored.
[2026-05-04 19:33:01.357] [jointLog] [info] Usage of --validateMappings implies use of minScoreFraction. Since not explicitly specified, it is being set to 0.65
[2026-05-04 19:33:01.357] [jointLog] [info] Setting consensusSlack to selective-alignment default of 0.35.
[2026-05-04 19:33:01.357] [jointLog] [info] parsing read library format
[2026-05-04 19:33:01.357] [jointLog] [info] There is 1 library.
[2026-05-04 19:33:01.358] [jointLog] [info] Loading pufferfish index
[2026-05-04 19:33:01.358] [jointLog] [info] Loading dense pufferfish index.
[2026-05-04 19:33:13.298] [jointLog] [info] done
[2026-05-04 19:33:13.326] [jointLog] [info] Index contained 116,612 targets
[2026-05-04 19:33:13.336] [jointLog] [info] Number of decoys : 66
[2026-05-04 19:33:13.336] [jointLog] [info] First decoy index : 116,507 
[2026-05-04 19:33:14.632] [jointLog] [info] Automatically detected most likely library type as IU

[2026-05-04 19:36:11.524] [jointLog] [info] Computed 135,350 rich equivalence classes for further processing
[2026-05-04 19:36:11.524] [jointLog] [info] Counted 5,554,953 total reads in the equivalence classes 
[2026-05-04 19:36:11.528] [jointLog] [warning] 1.59342% of fragments were shorter than the k used to build the index.
If this fraction is too large, consider re-building the index with a smaller k.
The minimum read size found was 20.


[2026-05-04 19:36:11.528] [jointLog] [info] Number of mappings discarded because of alignment score : 21,462,826
[2026-05-04 19:36:11.528] [jointLog] [info] Number of fragments entirely discarded because of alignment score : 6,100,240
[2026-05-04 19:36:11.528] [jointLog] [info] Number of fragments discarded because they are best-mapped to decoys : 5,897,693
[2026-05-04 19:36:11.528] [jointLog] [info] Number of fragments discarded because they have only dovetail (discordant) mappings to valid targets : 700,291
[2026-05-04 19:36:11.528] [jointLog] [info] Mapping rate = 12.8383%

[2026-05-04 19:36:11.528] [jointLog] [info] finished quantifyLibrary()
[2026-05-04 19:36:11.528] [jointLog] [info] Starting optimizer
[2026-05-04 19:36:11.557] [jointLog] [info] Marked 0 weighted equivalence classes as degenerate
[2026-05-04 19:36:11.559] [jointLog] [info] iteration = 0 | max rel diff. = 3493.69
[2026-05-04 19:36:11.746] [jointLog] [info] iteration = 100 | max rel diff. = 3.39259
[2026-05-04 19:36:11.524] [fileLog] [info] 
At end of round 0
==================
Observed 43268607 total fragments (43268607 in most recent round)

[2026-05-04 19:36:11.928] [jointLog] [info] iteration = 200 | max rel diff. = 3.3307
[2026-05-04 19:36:12.104] [jointLog] [info] iteration = 300 | max rel diff. = 0.977036
[2026-05-04 19:36:12.283] [jointLog] [info] iteration = 400 | max rel diff. = 0.20571
[2026-05-04 19:36:12.462] [jointLog] [info] iteration = 500 | max rel diff. = 0.385391
[2026-05-04 19:36:12.646] [jointLog] [info] iteration = 600 | max rel diff. = 0.277898
[2026-05-04 19:36:12.831] [jointLog] [info] iteration = 700 | max rel diff. = 0.163493
[2026-05-04 19:36:13.014] [jointLog] [info] iteration = 800 | max rel diff. = 0.0846996
[2026-05-04 19:36:13.190] [jointLog] [info] iteration = 899 | max rel diff. = 0.0083464
[2026-05-04 19:36:13.192] [jointLog] [info] Finished optimizer
[2026-05-04 19:36:13.192] [jointLog] [info] writing output 

