[2026-05-04 20:18:50.656] [jointLog] [info] setting maxHashResizeThreads to 12
[2026-05-04 20:18:50.656] [jointLog] [info] Fragment incompatibility prior below threshold.  Incompatible fragments will be ignored.
[2026-05-04 20:18:50.656] [jointLog] [info] Usage of --validateMappings implies use of minScoreFraction. Since not explicitly specified, it is being set to 0.65
[2026-05-04 20:18:50.656] [jointLog] [info] Setting consensusSlack to selective-alignment default of 0.35.
[2026-05-04 20:18:50.656] [jointLog] [info] parsing read library format
[2026-05-04 20:18:50.656] [jointLog] [info] There is 1 library.
[2026-05-04 20:18:50.656] [jointLog] [info] Loading pufferfish index
[2026-05-04 20:18:50.656] [jointLog] [info] Loading dense pufferfish index.
[2026-05-04 20:19:01.436] [jointLog] [info] done
[2026-05-04 20:19:01.467] [jointLog] [info] Index contained 116,612 targets
[2026-05-04 20:19:01.478] [jointLog] [info] Number of decoys : 66
[2026-05-04 20:19:01.478] [jointLog] [info] First decoy index : 116,507 
[2026-05-04 20:19:02.984] [jointLog] [info] Automatically detected most likely library type as IU

[2026-05-04 20:24:43.655] [jointLog] [info] Computed 134,401 rich equivalence classes for further processing
[2026-05-04 20:24:43.655] [jointLog] [info] Counted 7,956,113 total reads in the equivalence classes 
[2026-05-04 20:24:43.660] [jointLog] [warning] 2.02987% of fragments were shorter than the k used to build the index.
If this fraction is too large, consider re-building the index with a smaller k.
The minimum read size found was 20.


[2026-05-04 20:24:43.660] [jointLog] [info] Number of mappings discarded because of alignment score : 23,120,705
[2026-05-04 20:24:43.660] [jointLog] [info] Number of fragments entirely discarded because of alignment score : 10,671,454
[2026-05-04 20:24:43.660] [jointLog] [info] Number of fragments discarded because they are best-mapped to decoys : 10,290,820
[2026-05-04 20:24:43.660] [jointLog] [info] Number of fragments discarded because they have only dovetail (discordant) mappings to valid targets : 969,273
[2026-05-04 20:24:43.660] [jointLog] [info] Mapping rate = 13.1718%

[2026-05-04 20:24:43.660] [jointLog] [info] finished quantifyLibrary()
[2026-05-04 20:24:43.660] [jointLog] [info] Starting optimizer
[2026-05-04 20:24:43.676] [jointLog] [info] Marked 0 weighted equivalence classes as degenerate
[2026-05-04 20:24:43.678] [jointLog] [info] iteration = 0 | max rel diff. = 5267.99
[2026-05-04 20:24:43.870] [jointLog] [info] iteration = 100 | max rel diff. = 20.4095
[2026-05-04 20:24:43.655] [fileLog] [info] 
At end of round 0
==================
Observed 60402509 total fragments (60402509 in most recent round)

[2026-05-04 20:24:44.058] [jointLog] [info] iteration = 200 | max rel diff. = 1.97051
[2026-05-04 20:24:44.239] [jointLog] [info] iteration = 300 | max rel diff. = 14.3836
[2026-05-04 20:24:44.415] [jointLog] [info] iteration = 400 | max rel diff. = 0.426285
[2026-05-04 20:24:44.585] [jointLog] [info] iteration = 500 | max rel diff. = 0.112572
[2026-05-04 20:24:44.757] [jointLog] [info] iteration = 600 | max rel diff. = 0.210485
[2026-05-04 20:24:44.926] [jointLog] [info] iteration = 700 | max rel diff. = 0.0439581
[2026-05-04 20:24:45.104] [jointLog] [info] iteration = 800 | max rel diff. = 0.0710811
[2026-05-04 20:24:45.278] [jointLog] [info] iteration = 900 | max rel diff. = 0.00990153
[2026-05-04 20:24:45.280] [jointLog] [info] Finished optimizer
[2026-05-04 20:24:45.280] [jointLog] [info] writing output 

