[2026-05-04 20:40:28.422] [jointLog] [info] setting maxHashResizeThreads to 12
[2026-05-04 20:40:28.422] [jointLog] [info] Fragment incompatibility prior below threshold.  Incompatible fragments will be ignored.
[2026-05-04 20:40:28.422] [jointLog] [info] Usage of --validateMappings implies use of minScoreFraction. Since not explicitly specified, it is being set to 0.65
[2026-05-04 20:40:28.423] [jointLog] [info] Setting consensusSlack to selective-alignment default of 0.35.
[2026-05-04 20:40:28.423] [jointLog] [info] parsing read library format
[2026-05-04 20:40:28.423] [jointLog] [info] There is 1 library.
[2026-05-04 20:40:28.423] [jointLog] [info] Loading pufferfish index
[2026-05-04 20:40:28.423] [jointLog] [info] Loading dense pufferfish index.
[2026-05-04 20:40:39.073] [jointLog] [info] done
[2026-05-04 20:40:39.101] [jointLog] [info] Index contained 116,612 targets
[2026-05-04 20:40:39.111] [jointLog] [info] Number of decoys : 66
[2026-05-04 20:40:39.111] [jointLog] [info] First decoy index : 116,507 
[2026-05-04 20:40:40.869] [jointLog] [info] Automatically detected most likely library type as IU

[2026-05-04 20:45:23.650] [fileLog] [info] 
At end of round 0
==================
Observed 56863554 total fragments (56863554 in most recent round)

[2026-05-04 20:45:23.650] [jointLog] [info] Computed 155,475 rich equivalence classes for further processing
[2026-05-04 20:45:23.650] [jointLog] [info] Counted 6,535,793 total reads in the equivalence classes 
[2026-05-04 20:45:23.653] [jointLog] [warning] 1.31704% of fragments were shorter than the k used to build the index.
If this fraction is too large, consider re-building the index with a smaller k.
The minimum read size found was 20.


[2026-05-04 20:45:23.653] [jointLog] [info] Number of mappings discarded because of alignment score : 23,538,042
[2026-05-04 20:45:23.653] [jointLog] [info] Number of fragments entirely discarded because of alignment score : 11,101,627
[2026-05-04 20:45:23.653] [jointLog] [info] Number of fragments discarded because they are best-mapped to decoys : 10,704,378
[2026-05-04 20:45:23.653] [jointLog] [info] Number of fragments discarded because they have only dovetail (discordant) mappings to valid targets : 1,066,996
[2026-05-04 20:45:23.653] [jointLog] [info] Mapping rate = 11.4938%

[2026-05-04 20:45:23.653] [jointLog] [info] finished quantifyLibrary()
[2026-05-04 20:45:23.653] [jointLog] [info] Starting optimizer
[2026-05-04 20:45:23.670] [jointLog] [info] Marked 0 weighted equivalence classes as degenerate
[2026-05-04 20:45:23.673] [jointLog] [info] iteration = 0 | max rel diff. = 4640.09
[2026-05-04 20:45:23.854] [jointLog] [info] iteration = 100 | max rel diff. = 8.74655
[2026-05-04 20:45:24.033] [jointLog] [info] iteration = 200 | max rel diff. = 11.936
[2026-05-04 20:45:24.217] [jointLog] [info] iteration = 300 | max rel diff. = 0.975717
[2026-05-04 20:45:24.398] [jointLog] [info] iteration = 400 | max rel diff. = 0.512384
[2026-05-04 20:45:24.579] [jointLog] [info] iteration = 500 | max rel diff. = 0.0501097
[2026-05-04 20:45:24.769] [jointLog] [info] iteration = 600 | max rel diff. = 0.181089
[2026-05-04 20:45:24.955] [jointLog] [info] iteration = 700 | max rel diff. = 0.182079
[2026-05-04 20:45:25.144] [jointLog] [info] iteration = 800 | max rel diff. = 0.0238764
[2026-05-04 20:45:25.337] [jointLog] [info] iteration = 900 | max rel diff. = 0.0489147
[2026-05-04 20:45:25.528] [jointLog] [info] iteration = 1,000 | max rel diff. = 0.0580319
[2026-05-04 20:45:25.618] [jointLog] [info] iteration = 1,049 | max rel diff. = 0.00393117
[2026-05-04 20:45:25.620] [jointLog] [info] Finished optimizer
[2026-05-04 20:45:25.620] [jointLog] [info] writing output 

