[2026-05-04 20:09:22.764] [jointLog] [info] setting maxHashResizeThreads to 12
[2026-05-04 20:09:22.764] [jointLog] [info] Fragment incompatibility prior below threshold.  Incompatible fragments will be ignored.
[2026-05-04 20:09:22.764] [jointLog] [info] Usage of --validateMappings implies use of minScoreFraction. Since not explicitly specified, it is being set to 0.65
[2026-05-04 20:09:22.764] [jointLog] [info] Setting consensusSlack to selective-alignment default of 0.35.
[2026-05-04 20:09:22.764] [jointLog] [info] parsing read library format
[2026-05-04 20:09:22.764] [jointLog] [info] There is 1 library.
[2026-05-04 20:09:22.764] [jointLog] [info] Loading pufferfish index
[2026-05-04 20:09:22.764] [jointLog] [info] Loading dense pufferfish index.
[2026-05-04 20:09:33.439] [jointLog] [info] done
[2026-05-04 20:09:33.469] [jointLog] [info] Index contained 116,612 targets
[2026-05-04 20:09:33.480] [jointLog] [info] Number of decoys : 66
[2026-05-04 20:09:33.480] [jointLog] [info] First decoy index : 116,507 
[2026-05-04 20:09:35.338] [jointLog] [info] Automatically detected most likely library type as IU

[2026-05-04 20:13:39.817] [jointLog] [info] Computed 172,875 rich equivalence classes for further processing
[2026-05-04 20:13:39.817] [jointLog] [info] Counted 4,812,799 total reads in the equivalence classes 
[2026-05-04 20:13:39.820] [jointLog] [warning] 2.44162% of fragments were shorter than the k used to build the index.
If this fraction is too large, consider re-building the index with a smaller k.
The minimum read size found was 20.


[2026-05-04 20:13:39.820] [jointLog] [info] Number of mappings discarded because of alignment score : 24,474,382
[2026-05-04 20:13:39.820] [jointLog] [info] Number of fragments entirely discarded because of alignment score : 6,731,487
[2026-05-04 20:13:39.820] [jointLog] [info] Number of fragments discarded because they are best-mapped to decoys : 6,529,383
[2026-05-04 20:13:39.820] [jointLog] [info] Number of fragments discarded because they have only dovetail (discordant) mappings to valid targets : 681,098
[2026-05-04 20:13:39.822] [jointLog] [warning] Only 4812799 fragments were mapped, but the number of burn-in fragments was set to 5000000.
The effective lengths have been computed using the observed mappings.

[2026-05-04 20:13:39.822] [jointLog] [info] Mapping rate = 10.9603%

[2026-05-04 20:13:39.822] [jointLog] [info] finished quantifyLibrary()
[2026-05-04 20:13:39.822] [jointLog] [info] Starting optimizer
[2026-05-04 20:13:39.843] [jointLog] [info] Marked 0 weighted equivalence classes as degenerate
[2026-05-04 20:13:39.845] [jointLog] [info] iteration = 0 | max rel diff. = 3525.91
[2026-05-04 20:13:39.818] [fileLog] [info] 
At end of round 0
==================
Observed 43911176 total fragments (43911176 in most recent round)

[2026-05-04 20:13:40.077] [jointLog] [info] iteration = 100 | max rel diff. = 17.5228
[2026-05-04 20:13:40.296] [jointLog] [info] iteration = 200 | max rel diff. = 4.33362
[2026-05-04 20:13:40.526] [jointLog] [info] iteration = 300 | max rel diff. = 0.728226
[2026-05-04 20:13:40.755] [jointLog] [info] iteration = 400 | max rel diff. = 0.161204
[2026-05-04 20:13:40.985] [jointLog] [info] iteration = 500 | max rel diff. = 0.504545
[2026-05-04 20:13:41.212] [jointLog] [info] iteration = 600 | max rel diff. = 0.0248177
[2026-05-04 20:13:41.436] [jointLog] [info] iteration = 700 | max rel diff. = 0.944017
[2026-05-04 20:13:41.441] [jointLog] [info] iteration = 703 | max rel diff. = 0.00380225
[2026-05-04 20:13:41.443] [jointLog] [info] Finished optimizer
[2026-05-04 20:13:41.443] [jointLog] [info] writing output 

