[2026-05-04 20:24:46.734] [jointLog] [info] setting maxHashResizeThreads to 12
[2026-05-04 20:24:46.734] [jointLog] [info] Fragment incompatibility prior below threshold.  Incompatible fragments will be ignored.
[2026-05-04 20:24:46.734] [jointLog] [info] Usage of --validateMappings implies use of minScoreFraction. Since not explicitly specified, it is being set to 0.65
[2026-05-04 20:24:46.734] [jointLog] [info] Setting consensusSlack to selective-alignment default of 0.35.
[2026-05-04 20:24:46.734] [jointLog] [info] parsing read library format
[2026-05-04 20:24:46.734] [jointLog] [info] There is 1 library.
[2026-05-04 20:24:46.734] [jointLog] [info] Loading pufferfish index
[2026-05-04 20:24:46.734] [jointLog] [info] Loading dense pufferfish index.
[2026-05-04 20:24:57.442] [jointLog] [info] done
[2026-05-04 20:24:57.473] [jointLog] [info] Index contained 116,612 targets
[2026-05-04 20:24:57.492] [jointLog] [info] Number of decoys : 66
[2026-05-04 20:24:57.492] [jointLog] [info] First decoy index : 116,507 
[2026-05-04 20:24:59.233] [jointLog] [info] Automatically detected most likely library type as IU

[2026-05-04 20:27:52.940] [fileLog] [info] 
At end of round 0
==================
Observed 29637678 total fragments (29637678 in most recent round)

[2026-05-04 20:27:52.939] [jointLog] [info] Computed 119,311 rich equivalence classes for further processing
[2026-05-04 20:27:52.939] [jointLog] [info] Counted 4,246,811 total reads in the equivalence classes 
[2026-05-04 20:27:52.947] [jointLog] [warning] 1.43976% of fragments were shorter than the k used to build the index.
If this fraction is too large, consider re-building the index with a smaller k.
The minimum read size found was 20.


[2026-05-04 20:27:52.947] [jointLog] [info] Number of mappings discarded because of alignment score : 12,679,690
[2026-05-04 20:27:52.947] [jointLog] [info] Number of fragments entirely discarded because of alignment score : 5,510,526
[2026-05-04 20:27:52.947] [jointLog] [info] Number of fragments discarded because they are best-mapped to decoys : 5,310,905
[2026-05-04 20:27:52.947] [jointLog] [info] Number of fragments discarded because they have only dovetail (discordant) mappings to valid targets : 574,046
[2026-05-04 20:27:52.949] [jointLog] [warning] Only 4246811 fragments were mapped, but the number of burn-in fragments was set to 5000000.
The effective lengths have been computed using the observed mappings.

[2026-05-04 20:27:52.949] [jointLog] [info] Mapping rate = 14.3291%

[2026-05-04 20:27:52.949] [jointLog] [info] finished quantifyLibrary()
[2026-05-04 20:27:52.949] [jointLog] [info] Starting optimizer
[2026-05-04 20:27:52.965] [jointLog] [info] Marked 0 weighted equivalence classes as degenerate
[2026-05-04 20:27:52.967] [jointLog] [info] iteration = 0 | max rel diff. = 3103.14
[2026-05-04 20:27:53.148] [jointLog] [info] iteration = 100 | max rel diff. = 7.74341
[2026-05-04 20:27:53.327] [jointLog] [info] iteration = 200 | max rel diff. = 9.25496
[2026-05-04 20:27:53.535] [jointLog] [info] iteration = 300 | max rel diff. = 0.991192
[2026-05-04 20:27:53.758] [jointLog] [info] iteration = 400 | max rel diff. = 3.35425
[2026-05-04 20:27:53.974] [jointLog] [info] iteration = 500 | max rel diff. = 0.0210052
[2026-05-04 20:27:54.157] [jointLog] [info] iteration = 600 | max rel diff. = 0.0816504
[2026-05-04 20:27:54.373] [jointLog] [info] iteration = 700 | max rel diff. = 0.226119
[2026-05-04 20:27:54.594] [jointLog] [info] iteration = 800 | max rel diff. = 0.0363073
[2026-05-04 20:27:54.710] [jointLog] [info] iteration = 852 | max rel diff. = 0.00705531
[2026-05-04 20:27:54.712] [jointLog] [info] Finished optimizer
[2026-05-04 20:27:54.712] [jointLog] [info] writing output 

