[2026-05-04 19:54:11.128] [jointLog] [info] setting maxHashResizeThreads to 12
[2026-05-04 19:54:11.128] [jointLog] [info] Fragment incompatibility prior below threshold.  Incompatible fragments will be ignored.
[2026-05-04 19:54:11.128] [jointLog] [info] Usage of --validateMappings implies use of minScoreFraction. Since not explicitly specified, it is being set to 0.65
[2026-05-04 19:54:11.128] [jointLog] [info] Setting consensusSlack to selective-alignment default of 0.35.
[2026-05-04 19:54:11.128] [jointLog] [info] parsing read library format
[2026-05-04 19:54:11.128] [jointLog] [info] There is 1 library.
[2026-05-04 19:54:11.128] [jointLog] [info] Loading pufferfish index
[2026-05-04 19:54:11.128] [jointLog] [info] Loading dense pufferfish index.
[2026-05-04 19:54:22.777] [jointLog] [info] done
[2026-05-04 19:54:22.826] [jointLog] [info] Index contained 116,612 targets
[2026-05-04 19:54:22.844] [jointLog] [info] Number of decoys : 66
[2026-05-04 19:54:22.844] [jointLog] [info] First decoy index : 116,507 
[2026-05-04 19:54:24.794] [jointLog] [info] Automatically detected most likely library type as IU

[2026-05-04 20:00:43.818] [jointLog] [info] Computed 161,344 rich equivalence classes for further processing
[2026-05-04 20:00:43.818] [jointLog] [info] Counted 5,700,121 total reads in the equivalence classes 
[2026-05-04 20:00:43.820] [jointLog] [warning] 1.63247% of fragments were shorter than the k used to build the index.
If this fraction is too large, consider re-building the index with a smaller k.
The minimum read size found was 20.


[2026-05-04 20:00:43.820] [jointLog] [info] Number of mappings discarded because of alignment score : 54,114,592
[2026-05-04 20:00:43.820] [jointLog] [info] Number of fragments entirely discarded because of alignment score : 6,119,283
[2026-05-04 20:00:43.820] [jointLog] [info] Number of fragments discarded because they are best-mapped to decoys : 5,966,150
[2026-05-04 20:00:43.820] [jointLog] [info] Number of fragments discarded because they have only dovetail (discordant) mappings to valid targets : 1,873,972
[2026-05-04 20:00:43.820] [jointLog] [info] Mapping rate = 10.1839%

[2026-05-04 20:00:43.820] [jointLog] [info] finished quantifyLibrary()
[2026-05-04 20:00:43.820] [jointLog] [info] Starting optimizer
[2026-05-04 20:00:43.840] [jointLog] [info] Marked 0 weighted equivalence classes as degenerate
[2026-05-04 20:00:43.843] [jointLog] [info] iteration = 0 | max rel diff. = 1211.14
[2026-05-04 20:00:43.818] [fileLog] [info] 
At end of round 0
==================
Observed 55971959 total fragments (55971959 in most recent round)

[2026-05-04 20:00:44.076] [jointLog] [info] iteration = 100 | max rel diff. = 17.1548
[2026-05-04 20:00:44.312] [jointLog] [info] iteration = 200 | max rel diff. = 1.51965
[2026-05-04 20:00:44.544] [jointLog] [info] iteration = 300 | max rel diff. = 1.78068
[2026-05-04 20:00:44.773] [jointLog] [info] iteration = 400 | max rel diff. = 0.671229
[2026-05-04 20:00:44.995] [jointLog] [info] iteration = 500 | max rel diff. = 0.2365
[2026-05-04 20:00:45.220] [jointLog] [info] iteration = 600 | max rel diff. = 3.44616
[2026-05-04 20:00:45.445] [jointLog] [info] iteration = 700 | max rel diff. = 0.122515
[2026-05-04 20:00:45.675] [jointLog] [info] iteration = 800 | max rel diff. = 0.0115485
[2026-05-04 20:00:45.900] [jointLog] [info] iteration = 900 | max rel diff. = 0.0282368
[2026-05-04 20:00:46.138] [jointLog] [info] iteration = 1,000 | max rel diff. = 0.0198519
[2026-05-04 20:00:46.287] [jointLog] [info] iteration = 1,062 | max rel diff. = 0.00330609
[2026-05-04 20:00:46.288] [jointLog] [info] Finished optimizer
[2026-05-04 20:00:46.288] [jointLog] [info] writing output 

