[2026-05-04 20:36:53.823] [jointLog] [info] setting maxHashResizeThreads to 12
[2026-05-04 20:36:53.823] [jointLog] [info] Fragment incompatibility prior below threshold.  Incompatible fragments will be ignored.
[2026-05-04 20:36:53.823] [jointLog] [info] Usage of --validateMappings implies use of minScoreFraction. Since not explicitly specified, it is being set to 0.65
[2026-05-04 20:36:53.823] [jointLog] [info] Setting consensusSlack to selective-alignment default of 0.35.
[2026-05-04 20:36:53.823] [jointLog] [info] parsing read library format
[2026-05-04 20:36:53.823] [jointLog] [info] There is 1 library.
[2026-05-04 20:36:53.823] [jointLog] [info] Loading pufferfish index
[2026-05-04 20:36:53.823] [jointLog] [info] Loading dense pufferfish index.
[2026-05-04 20:37:04.516] [jointLog] [info] done
[2026-05-04 20:37:04.545] [jointLog] [info] Index contained 116,612 targets
[2026-05-04 20:37:04.556] [jointLog] [info] Number of decoys : 66
[2026-05-04 20:37:04.556] [jointLog] [info] First decoy index : 116,507 
[2026-05-04 20:37:05.993] [jointLog] [info] Automatically detected most likely library type as IU

[2026-05-04 20:40:25.346] [jointLog] [info] Computed 121,341 rich equivalence classes for further processing
[2026-05-04 20:40:25.346] [jointLog] [info] Counted 5,872,847 total reads in the equivalence classes 
[2026-05-04 20:40:25.351] [jointLog] [warning] 1.38055% of fragments were shorter than the k used to build the index.
If this fraction is too large, consider re-building the index with a smaller k.
The minimum read size found was 20.


[2026-05-04 20:40:25.351] [jointLog] [info] Number of mappings discarded because of alignment score : 16,372,086
[2026-05-04 20:40:25.351] [jointLog] [info] Number of fragments entirely discarded because of alignment score : 7,530,507
[2026-05-04 20:40:25.351] [jointLog] [info] Number of fragments discarded because they are best-mapped to decoys : 7,270,378
[2026-05-04 20:40:25.351] [jointLog] [info] Number of fragments discarded because they have only dovetail (discordant) mappings to valid targets : 740,621
[2026-05-04 20:40:25.351] [jointLog] [info] Mapping rate = 14.5713%

[2026-05-04 20:40:25.351] [jointLog] [info] finished quantifyLibrary()
[2026-05-04 20:40:25.351] [jointLog] [info] Starting optimizer
[2026-05-04 20:40:25.367] [jointLog] [info] Marked 0 weighted equivalence classes as degenerate
[2026-05-04 20:40:25.369] [jointLog] [info] iteration = 0 | max rel diff. = 4349.39
[2026-05-04 20:40:25.347] [fileLog] [info] 
At end of round 0
==================
Observed 40304242 total fragments (40304242 in most recent round)

[2026-05-04 20:40:25.540] [jointLog] [info] iteration = 100 | max rel diff. = 18.9206
[2026-05-04 20:40:25.706] [jointLog] [info] iteration = 200 | max rel diff. = 0.662293
[2026-05-04 20:40:25.865] [jointLog] [info] iteration = 300 | max rel diff. = 3.17844
[2026-05-04 20:40:26.024] [jointLog] [info] iteration = 400 | max rel diff. = 0.82176
[2026-05-04 20:40:26.183] [jointLog] [info] iteration = 500 | max rel diff. = 0.191925
[2026-05-04 20:40:26.343] [jointLog] [info] iteration = 600 | max rel diff. = 0.731383
[2026-05-04 20:40:26.503] [jointLog] [info] iteration = 700 | max rel diff. = 1.33629
[2026-05-04 20:40:26.518] [jointLog] [info] iteration = 710 | max rel diff. = 0.00748138
[2026-05-04 20:40:26.520] [jointLog] [info] Finished optimizer
[2026-05-04 20:40:26.520] [jointLog] [info] writing output 

