[2026-05-04 20:02:41.489] [jointLog] [info] setting maxHashResizeThreads to 12
[2026-05-04 20:02:41.489] [jointLog] [info] Fragment incompatibility prior below threshold.  Incompatible fragments will be ignored.
[2026-05-04 20:02:41.489] [jointLog] [info] Usage of --validateMappings implies use of minScoreFraction. Since not explicitly specified, it is being set to 0.65
[2026-05-04 20:02:41.489] [jointLog] [info] Setting consensusSlack to selective-alignment default of 0.35.
[2026-05-04 20:02:41.489] [jointLog] [info] parsing read library format
[2026-05-04 20:02:41.489] [jointLog] [info] There is 1 library.
[2026-05-04 20:02:41.489] [jointLog] [info] Loading pufferfish index
[2026-05-04 20:02:41.489] [jointLog] [info] Loading dense pufferfish index.
[2026-05-04 20:02:52.283] [jointLog] [info] done
[2026-05-04 20:02:52.311] [jointLog] [info] Index contained 116,612 targets
[2026-05-04 20:02:52.322] [jointLog] [info] Number of decoys : 66
[2026-05-04 20:02:52.322] [jointLog] [info] First decoy index : 116,507 
[2026-05-04 20:02:54.786] [jointLog] [info] Automatically detected most likely library type as IU

[2026-05-04 20:09:19.678] [jointLog] [info] Computed 149,539 rich equivalence classes for further processing
[2026-05-04 20:09:19.678] [jointLog] [info] Counted 5,727,908 total reads in the equivalence classes 
[2026-05-04 20:09:19.681] [jointLog] [warning] 1.44329% of fragments were shorter than the k used to build the index.
If this fraction is too large, consider re-building the index with a smaller k.
The minimum read size found was 20.


[2026-05-04 20:09:19.681] [jointLog] [info] Number of mappings discarded because of alignment score : 46,158,816
[2026-05-04 20:09:19.681] [jointLog] [info] Number of fragments entirely discarded because of alignment score : 7,348,753
[2026-05-04 20:09:19.681] [jointLog] [info] Number of fragments discarded because they are best-mapped to decoys : 7,144,888
[2026-05-04 20:09:19.681] [jointLog] [info] Number of fragments discarded because they have only dovetail (discordant) mappings to valid targets : 1,138,361
[2026-05-04 20:09:19.681] [jointLog] [info] Mapping rate = 9.6867%

[2026-05-04 20:09:19.681] [jointLog] [info] finished quantifyLibrary()
[2026-05-04 20:09:19.681] [jointLog] [info] Starting optimizer
[2026-05-04 20:09:19.698] [jointLog] [info] Marked 0 weighted equivalence classes as degenerate
[2026-05-04 20:09:19.700] [jointLog] [info] iteration = 0 | max rel diff. = 2046.25
[2026-05-04 20:09:19.678] [fileLog] [info] 
At end of round 0
==================
Observed 59131681 total fragments (59131681 in most recent round)

[2026-05-04 20:09:19.901] [jointLog] [info] iteration = 100 | max rel diff. = 20.5208
[2026-05-04 20:09:20.093] [jointLog] [info] iteration = 200 | max rel diff. = 6.19862
[2026-05-04 20:09:20.288] [jointLog] [info] iteration = 300 | max rel diff. = 0.438707
[2026-05-04 20:09:20.488] [jointLog] [info] iteration = 400 | max rel diff. = 1.22655
[2026-05-04 20:09:20.687] [jointLog] [info] iteration = 500 | max rel diff. = 2.51074
[2026-05-04 20:09:20.886] [jointLog] [info] iteration = 600 | max rel diff. = 0.124072
[2026-05-04 20:09:21.083] [jointLog] [info] iteration = 700 | max rel diff. = 0.563923
[2026-05-04 20:09:21.282] [jointLog] [info] iteration = 800 | max rel diff. = 0.0524733
[2026-05-04 20:09:21.368] [jointLog] [info] iteration = 845 | max rel diff. = 0.0066301
[2026-05-04 20:09:21.369] [jointLog] [info] Finished optimizer
[2026-05-04 20:09:21.369] [jointLog] [info] writing output 

