[2026-05-04 19:39:05.603] [jointLog] [info] setting maxHashResizeThreads to 12
[2026-05-04 19:39:05.603] [jointLog] [info] Fragment incompatibility prior below threshold.  Incompatible fragments will be ignored.
[2026-05-04 19:39:05.603] [jointLog] [info] Usage of --validateMappings implies use of minScoreFraction. Since not explicitly specified, it is being set to 0.65
[2026-05-04 19:39:05.603] [jointLog] [info] Setting consensusSlack to selective-alignment default of 0.35.
[2026-05-04 19:39:05.603] [jointLog] [info] parsing read library format
[2026-05-04 19:39:05.603] [jointLog] [info] There is 1 library.
[2026-05-04 19:39:05.603] [jointLog] [info] Loading pufferfish index
[2026-05-04 19:39:05.603] [jointLog] [info] Loading dense pufferfish index.
[2026-05-04 19:39:16.084] [jointLog] [info] done
[2026-05-04 19:39:16.112] [jointLog] [info] Index contained 116,612 targets
[2026-05-04 19:39:16.122] [jointLog] [info] Number of decoys : 66
[2026-05-04 19:39:16.122] [jointLog] [info] First decoy index : 116,507 
[2026-05-04 19:39:17.538] [jointLog] [info] Automatically detected most likely library type as IU

[2026-05-04 19:42:31.672] [jointLog] [info] Computed 118,318 rich equivalence classes for further processing
[2026-05-04 19:42:31.672] [jointLog] [info] Counted 5,167,211 total reads in the equivalence classes 
[2026-05-04 19:42:31.676] [jointLog] [warning] 1.46695% of fragments were shorter than the k used to build the index.
If this fraction is too large, consider re-building the index with a smaller k.
The minimum read size found was 20.


[2026-05-04 19:42:31.676] [jointLog] [info] Number of mappings discarded because of alignment score : 19,289,241
[2026-05-04 19:42:31.676] [jointLog] [info] Number of fragments entirely discarded because of alignment score : 7,031,795
[2026-05-04 19:42:31.676] [jointLog] [info] Number of fragments discarded because they are best-mapped to decoys : 6,760,648
[2026-05-04 19:42:31.676] [jointLog] [info] Number of fragments discarded because they have only dovetail (discordant) mappings to valid targets : 772,751
[2026-05-04 19:42:31.676] [jointLog] [info] Mapping rate = 11.1086%

[2026-05-04 19:42:31.676] [jointLog] [info] finished quantifyLibrary()
[2026-05-04 19:42:31.676] [jointLog] [info] Starting optimizer
[2026-05-04 19:42:31.691] [jointLog] [info] Marked 0 weighted equivalence classes as degenerate
[2026-05-04 19:42:31.693] [jointLog] [info] iteration = 0 | max rel diff. = 3962.03
[2026-05-04 19:42:31.672] [fileLog] [info] 
At end of round 0
==================
Observed 46515217 total fragments (46515217 in most recent round)

[2026-05-04 19:42:31.865] [jointLog] [info] iteration = 100 | max rel diff. = 20.0728
[2026-05-04 19:42:32.031] [jointLog] [info] iteration = 200 | max rel diff. = 2.60966
[2026-05-04 19:42:32.195] [jointLog] [info] iteration = 300 | max rel diff. = 4.81111
[2026-05-04 19:42:32.361] [jointLog] [info] iteration = 400 | max rel diff. = 0.580114
[2026-05-04 19:42:32.523] [jointLog] [info] iteration = 500 | max rel diff. = 0.0638018
[2026-05-04 19:42:32.688] [jointLog] [info] iteration = 600 | max rel diff. = 0.107685
[2026-05-04 19:42:32.855] [jointLog] [info] iteration = 700 | max rel diff. = 0.039738
[2026-05-04 19:42:33.019] [jointLog] [info] iteration = 800 | max rel diff. = 0.103572
[2026-05-04 19:42:33.183] [jointLog] [info] iteration = 900 | max rel diff. = 0.0658766
[2026-05-04 19:42:33.345] [jointLog] [info] iteration = 1,000 | max rel diff. = 0.0849563
[2026-05-04 19:42:33.480] [jointLog] [info] iteration = 1,086 | max rel diff. = 0.00643088
[2026-05-04 19:42:33.482] [jointLog] [info] Finished optimizer
[2026-05-04 19:42:33.482] [jointLog] [info] writing output 

