[2026-05-04 19:47:52.679] [jointLog] [info] setting maxHashResizeThreads to 12
[2026-05-04 19:47:52.679] [jointLog] [info] Fragment incompatibility prior below threshold.  Incompatible fragments will be ignored.
[2026-05-04 19:47:52.679] [jointLog] [info] Usage of --validateMappings implies use of minScoreFraction. Since not explicitly specified, it is being set to 0.65
[2026-05-04 19:47:52.679] [jointLog] [info] Setting consensusSlack to selective-alignment default of 0.35.
[2026-05-04 19:47:52.679] [jointLog] [info] parsing read library format
[2026-05-04 19:47:52.679] [jointLog] [info] There is 1 library.
[2026-05-04 19:47:52.679] [jointLog] [info] Loading pufferfish index
[2026-05-04 19:47:52.679] [jointLog] [info] Loading dense pufferfish index.
[2026-05-04 19:48:03.285] [jointLog] [info] done
[2026-05-04 19:48:03.313] [jointLog] [info] Index contained 116,612 targets
[2026-05-04 19:48:03.323] [jointLog] [info] Number of decoys : 66
[2026-05-04 19:48:03.323] [jointLog] [info] First decoy index : 116,507 
[2026-05-04 19:48:05.108] [jointLog] [info] Automatically detected most likely library type as IU

[2026-05-04 19:54:07.658] [jointLog] [info] Computed 177,373 rich equivalence classes for further processing
[2026-05-04 19:54:07.658] [jointLog] [info] Counted 4,885,300 total reads in the equivalence classes 
[2026-05-04 19:54:07.661] [jointLog] [warning] 1.90149% of fragments were shorter than the k used to build the index.
If this fraction is too large, consider re-building the index with a smaller k.
The minimum read size found was 20.


[2026-05-04 19:54:07.661] [jointLog] [info] Number of mappings discarded because of alignment score : 56,882,015
[2026-05-04 19:54:07.661] [jointLog] [info] Number of fragments entirely discarded because of alignment score : 6,004,047
[2026-05-04 19:54:07.661] [jointLog] [info] Number of fragments discarded because they are best-mapped to decoys : 5,857,473
[2026-05-04 19:54:07.661] [jointLog] [info] Number of fragments discarded because they have only dovetail (discordant) mappings to valid targets : 1,745,527
[2026-05-04 19:54:07.663] [jointLog] [warning] Only 4885300 fragments were mapped, but the number of burn-in fragments was set to 5000000.
The effective lengths have been computed using the observed mappings.

[2026-05-04 19:54:07.663] [jointLog] [info] Mapping rate = 8.12835%

[2026-05-04 19:54:07.663] [jointLog] [info] finished quantifyLibrary()
[2026-05-04 19:54:07.663] [jointLog] [info] Starting optimizer
[2026-05-04 19:54:07.686] [jointLog] [info] Marked 0 weighted equivalence classes as degenerate
[2026-05-04 19:54:07.688] [jointLog] [info] iteration = 0 | max rel diff. = 1267.1
[2026-05-04 19:54:07.658] [fileLog] [info] 
At end of round 0
==================
Observed 60101959 total fragments (60101959 in most recent round)

[2026-05-04 19:54:07.965] [jointLog] [info] iteration = 100 | max rel diff. = 19.5823
[2026-05-04 19:54:08.253] [jointLog] [info] iteration = 200 | max rel diff. = 14.7994
[2026-05-04 19:54:08.539] [jointLog] [info] iteration = 300 | max rel diff. = 0.896301
[2026-05-04 19:54:08.802] [jointLog] [info] iteration = 400 | max rel diff. = 0.81377
[2026-05-04 19:54:09.063] [jointLog] [info] iteration = 500 | max rel diff. = 0.16249
[2026-05-04 19:54:09.299] [jointLog] [info] iteration = 600 | max rel diff. = 0.259688
[2026-05-04 19:54:09.534] [jointLog] [info] iteration = 700 | max rel diff. = 0.044962
[2026-05-04 19:54:09.731] [jointLog] [info] iteration = 780 | max rel diff. = 0.00597911
[2026-05-04 19:54:09.733] [jointLog] [info] Finished optimizer
[2026-05-04 19:54:09.733] [jointLog] [info] writing output 

