[2026-05-04 20:32:57.965] [jointLog] [info] setting maxHashResizeThreads to 12
[2026-05-04 20:32:57.965] [jointLog] [info] Fragment incompatibility prior below threshold.  Incompatible fragments will be ignored.
[2026-05-04 20:32:57.965] [jointLog] [info] Usage of --validateMappings implies use of minScoreFraction. Since not explicitly specified, it is being set to 0.65
[2026-05-04 20:32:57.965] [jointLog] [info] Setting consensusSlack to selective-alignment default of 0.35.
[2026-05-04 20:32:57.965] [jointLog] [info] parsing read library format
[2026-05-04 20:32:57.965] [jointLog] [info] There is 1 library.
[2026-05-04 20:32:57.965] [jointLog] [info] Loading pufferfish index
[2026-05-04 20:32:57.965] [jointLog] [info] Loading dense pufferfish index.
[2026-05-04 20:33:08.609] [jointLog] [info] done
[2026-05-04 20:33:08.637] [jointLog] [info] Index contained 116,612 targets
[2026-05-04 20:33:08.648] [jointLog] [info] Number of decoys : 66
[2026-05-04 20:33:08.648] [jointLog] [info] First decoy index : 116,507 
[2026-05-04 20:33:10.048] [jointLog] [info] Automatically detected most likely library type as IU

[2026-05-04 20:36:50.741] [jointLog] [info] Computed 144,227 rich equivalence classes for further processing
[2026-05-04 20:36:50.741] [jointLog] [info] Counted 6,597,487 total reads in the equivalence classes 
[2026-05-04 20:36:50.745] [jointLog] [warning] 1.51428% of fragments were shorter than the k used to build the index.
If this fraction is too large, consider re-building the index with a smaller k.
The minimum read size found was 20.


[2026-05-04 20:36:50.745] [jointLog] [info] Number of mappings discarded because of alignment score : 18,925,679
[2026-05-04 20:36:50.745] [jointLog] [info] Number of fragments entirely discarded because of alignment score : 9,750,457
[2026-05-04 20:36:50.745] [jointLog] [info] Number of fragments discarded because they are best-mapped to decoys : 9,424,937
[2026-05-04 20:36:50.745] [jointLog] [info] Number of fragments discarded because they have only dovetail (discordant) mappings to valid targets : 633,751
[2026-05-04 20:36:50.745] [jointLog] [info] Mapping rate = 12.7246%

[2026-05-04 20:36:50.745] [jointLog] [info] finished quantifyLibrary()
[2026-05-04 20:36:50.745] [jointLog] [info] Starting optimizer
[2026-05-04 20:36:50.762] [jointLog] [info] Marked 0 weighted equivalence classes as degenerate
[2026-05-04 20:36:50.764] [jointLog] [info] iteration = 0 | max rel diff. = 4012.43
[2026-05-04 20:36:50.947] [jointLog] [info] iteration = 100 | max rel diff. = 2.31854
[2026-05-04 20:36:51.125] [jointLog] [info] iteration = 200 | max rel diff. = 0.175193
[2026-05-04 20:36:50.742] [fileLog] [info] 
At end of round 0
==================
Observed 51848373 total fragments (51848373 in most recent round)

[2026-05-04 20:36:51.305] [jointLog] [info] iteration = 300 | max rel diff. = 1.23635
[2026-05-04 20:36:51.480] [jointLog] [info] iteration = 400 | max rel diff. = 0.172848
[2026-05-04 20:36:51.661] [jointLog] [info] iteration = 500 | max rel diff. = 0.109673
[2026-05-04 20:36:51.846] [jointLog] [info] iteration = 600 | max rel diff. = 0.0157848
[2026-05-04 20:36:52.036] [jointLog] [info] iteration = 700 | max rel diff. = 0.162871
[2026-05-04 20:36:52.216] [jointLog] [info] iteration = 800 | max rel diff. = 0.184509
[2026-05-04 20:36:52.391] [jointLog] [info] iteration = 900 | max rel diff. = 10.6951
[2026-05-04 20:36:52.393] [jointLog] [info] iteration = 902 | max rel diff. = 0.00555721
[2026-05-04 20:36:52.395] [jointLog] [info] Finished optimizer
[2026-05-04 20:36:52.395] [jointLog] [info] writing output 

